
Gurobi 13.0.1 (linux64) logging started Sun May  3 21:36:28 2026

Set parameter LogFile to value "/tmp/or_space_gurobi_stage_i_fl5fjk/solver_records/CourseSelection.gurobi.log"
Gurobi Optimizer version 13.0.1 build v13.0.1rc0 (linux64 - "Ubuntu 22.04.5 LTS")

CPU model: Intel(R) Xeon(R) Platinum 8468, instruction set [SSE2|AVX|AVX2|AVX512]
Thread count: 96 physical cores, 192 logical processors, using up to 32 threads

Optimize a model with 7 rows, 7 columns and 20 nonzeros (Min)
Model fingerprint: 0xaf6966ee
Model has 7 linear objective coefficients
Variable types: 0 continuous, 7 integer (7 binary)
Coefficient statistics:
  Matrix range     [1e+00, 1e+00]
  Objective range  [1e+00, 1e+00]
  Bounds range     [1e+00, 1e+00]
  RHS range        [2e+00, 2e+00]

Found heuristic solution: objective 5.0000000
Presolve removed 2 rows and 1 columns
Presolve time: 0.00s
Presolved: 5 rows, 6 columns, 15 nonzeros
Variable types: 0 continuous, 6 integer (6 binary)

Root relaxation: objective 3.600000e+00, 6 iterations, 0.00 seconds (0.00 work units)

    Nodes    |    Current Node    |     Objective Bounds      |     Work
 Expl Unexpl |  Obj  Depth IntInf | Incumbent    BestBd   Gap | It/Node Time

     0     0    3.60000    0    5    5.00000    3.60000  28.0%     -    0s
*    0     0               0       4.0000000    4.00000  0.00%     -    0s

Explored 1 nodes (8 simplex iterations) in 0.00 seconds (0.00 work units)
Thread count was 32 (of 192 available processors)

Solution count 2: 4 5 

Optimal solution found (tolerance 1.00e-04)
Best objective 4.000000000000e+00, best bound 4.000000000000e+00, gap 0.0000%
